// Jest Snapshot v1, https://goo.gl/fbAQLP

exports[`simple 1`] = `
"'use strict';

function __$styleInject(css, ref) {
  if ( ref === void 0 ) ref = {};
  var insertAt = ref.insertAt;

  if (!css) { return }

  var head = document.head || document.getElementsByTagName('head')[0];
  var style = document.createElement('style');
  style.type = 'text/css';

  if (insertAt === 'top') {
    if (head.firstChild) {
      head.insertBefore(style, head.firstChild);
    } else {
      head.appendChild(style);
    }
  } else {
    head.appendChild(style);
  }

  if (style.styleSheet) {
    style.styleSheet.cssText = css;
  } else {
    style.appendChild(document.createTextNode(css));
  }
}

var css = \\"body {\\\\n  color: red;\\\\n}\\\\n\\";
__$$styleInject(css);

var css$1 = \\".bar {\\\\n  color: red;\\\\n}\\\\n\\";
__$$styleInject(css$1);

console.log(css, css$1);
"
`;
